// Jest Snapshot v1, https://goo.gl/fbAQLP

exports[`components/pages/Schedule/index.tsx Index 正常に表示されている 1`] = `
<Memo(Switch)
  navigation={
    Object {
      "getParam": [MockFunction],
      "goBack": [MockFunction],
      "navigate": [MockFunction],
      "setParams": [MockFunction],
    }
  }
  refreshData={[MockFunction]}
  route={
    Object {
      "params": Object {
        "itemId": 1,
        "title": "test",
      },
    }
  }
  showActionSheetWithOptions={[Function]}
  uid="1"
/>
`;
