// Jest Snapshot v1, https://goo.gl/fbAQLP

exports[`components/pages/SignIn/Connected.tsx 正常に表示されている 1`] = `
<Fragment>
  <CommonStatusBar />
  <SignInPage
    loading={false}
    onAppleLogin={[Function]}
    onGoogleLogin={[Function]}
  />
</Fragment>
`;
