// Jest Snapshot v1, https://goo.gl/fbAQLP

exports[`components/pages/Icons/Connected.tsx 正常に表示されている 1`] = `
<ConnectedActionSheet
  defaultIcon={false}
  kind="park"
  onSelectIcon={[Function]}
  photo={false}
/>
`;
