// Jest Snapshot v1, https://goo.gl/fbAQLP

exports[`components/pages/CreateCalendar/Connected.tsx 正常にrenderすること 1`] = `
<Plain
  date="2020-01-01 00:00:00"
  mutationData={[MockFunction]}
  onDismiss={[Function]}
  onIcons={[Function]}
  onSave={[Function]}
  selectedKind=""
/>
`;
