// Jest Snapshot v1, https://goo.gl/fbAQLP

exports[`components/atoms/Text.tsx 正常に表示されている 1`] = `""`;
