// Jest Snapshot v1, https://goo.gl/fbAQLP

exports[`containers/Auth.tsx 正常に表示されている 1`] = `""`;
